Invalid credentials.Invalid credentials.